To honour the JVM settings for this build a single-use Daemon process will be forked. For more on this, please refer to https://docs.gradle.org/9.7.1/userguide/gradle_daemon.html#sec:disabling_the_daemon in the Gradle documentation.
Warning: Unable to set daemon's environment variables to match the client because: 
  There is no native integration with this operating environment.
  If the daemon was started with a significantly different environment from the client, and your build 
  relies on environment variables, you may experience unexpected behavior.
Daemon will be stopped at the end of the build 

> Configure project :
Fabric Loom: 1.14.10

> Task :clean

> Task :compileJava
Note: /data/data/com.termux/files/home/ABOBUS123-1.21.11/src/main/java/com/reallyvisuals/config/ConfigManager.java uses or overrides a deprecated API.
Note: Recompile with -Xlint:deprecation for details.
Note: /data/data/com.termux/files/home/ABOBUS123-1.21.11/src/main/java/com/reallyvisuals/module/ShulkerPreview.java uses unchecked or unsafe operations.
Note: Recompile with -Xlint:unchecked for details.

> Task :processResources
> Task :classes
> Task :jar
> Task :processIncludeJars
> Task :compileTestJava NO-SOURCE
> Task :processTestResources NO-SOURCE
> Task :testClasses UP-TO-DATE
> Task :test NO-SOURCE
> Task :validateAccessWidener NO-SOURCE
> Task :check UP-TO-DATE

> Task :remapJar
Cannot remap scaledWidth because it does not exists in any of the targets [net/minecraft/client/gui/hud/InGameHud] or their parents.
Cannot remap scaledHeight because it does not exists in any of the targets [net/minecraft/client/gui/hud/InGameHud] or their parents.

Cannot remap getLeftText because it does not exists in any of the targets [net/minecraft/client/gui/hud/DebugHud]
Cannot remap render because it does not exists in any of the targets [net/minecraft/client/render/entity/PlayerEntityRenderer]
Cannot remap bobViewWhenHurt because it does not exists in any of the targets [net/minecraft/client/render/GameRenderer]
Cannot remap renderLayer because it does not exists in any of the targets [net/minecraft/client/render/WorldRenderer]
Cannot remap getTime because it does not exists in any of the targets [net/minecraft/world/World]
Cannot remap renderLayer because it does not exists in any of the targets [net/minecraft/client/render/WorldRenderer]
Cannot remap renderTooltip because it does not exists in any of the targets [net/minecraft/client/gui/screen/Screen]
Cannot remap hasLabel because it does not exists in any of the targets [net/minecraft/client/render/entity/LivingEntityRenderer]
Cannot remap playSound because it does not exists in any of the targets [net/minecraft/client/world/ClientWorld]
Cannot remap setOrigin because it does not exists in any of the targets [net/minecraft/client/render/chunk/ChunkBuilder$BuiltChunk]

> Task :remapSourcesJar SKIPPED
> Task :assemble
> Task :build

[Incubating] Problems report is available at: file:///data/data/com.termux/files/home/ABOBUS123-1.21.11/build/reports/problems/problems-report.html

Deprecated Gradle features were used in this build, making it incompatible with Gradle 10.

You can use '--warning-mode all' to show the individual deprecation warnings and determine if they come from your own scripts or plugins.

For more on this, please refer to https://docs.gradle.org/9.7.1/userguide/command_line_interface.html#sec:command_line_warnings in the Gradle documentation.

BUILD SUCCESSFUL in 27s
6 actionable tasks: 6 executed
Consider enabling configuration cache to speed up this build: https://docs.gradle.org/9.7.1/userguide/configuration_cache_enabling.html
